C:\Program Files\dotnet\sdk\8.0.419\Microsoft.Common.CurrentVersion.targets(5321,5): error MSB3027: n├úo foi poss├¡vel copiar "C:\Users\felip\OneDrive\git_work\RitmoApi\Ritmo.Api\obj\Debug\net8.0\apphost.exe" para "bin\Debug\net8.0\Ritmo.Api.exe". N├║mero de novas tentativas 10 excedido. Falha. O arquivo ├® bloqueado por: "Ritmo.Api (15744)" [C:\Users\felip\OneDrive\git_work\RitmoApi\Ritmo.Api\Ritmo.Api.csproj]
C:\Program Files\dotnet\sdk\8.0.419\Microsoft.Common.CurrentVersion.targets(5321,5): error MSB3021: N├úo ├® poss├¡vel copiar o arquivo "C:\Users\felip\OneDrive\git_work\RitmoApi\Ritmo.Api\obj\Debug\net8.0\apphost.exe" para "bin\Debug\net8.0\Ritmo.Api.exe". The process cannot access the file 'C:\Users\felip\OneDrive\git_work\RitmoApi\Ritmo.Api\bin\Debug\net8.0\Ritmo.Api.exe' because it is being used by another process. [C:\Users\felip\OneDrive\git_work\RitmoApi\Ritmo.Api\Ritmo.Api.csproj]

FALHA da compila├º├úo.
    10 Aviso(s)
    2 Erro(s)

Tempo Decorrido 00:00:12.55
